---
http_interactions:
- request:
    method: get
    uri: https://freecurrencyapi.net/api/v2/latest?apikey=<FREECURRENCY_API_KEY>&base_currency=INVALID%20CURRENCY
    body:
      encoding: UTF-8
      string: ''
    headers:
      Connection:
      - close
      Host:
      - freecurrencyapi.net
      User-Agent:
      - http.rb/5.0.4
  response:
    status:
      code: 302
      message: Found
    headers:
      Date:
      - Sun, 14 Nov 2021 01:46:19 GMT
      Content-Type:
      - text/html; charset=UTF-8
      Transfer-Encoding:
      - chunked
      Connection:
      - close
      Cache-Control:
      - no-cache, private
      Location:
      - https://freecurrencyapi.net
      X-Ratelimit-Limit:
      - '4500'
      X-Ratelimit-Remaining:
      - '4492'
      Access-Control-Allow-Origin:
      - "*"
      X-Frame-Options:
      - DENY
      X-Content-Type-Options:
      - nosniff
      X-Xss-Protection:
      - 1; mode=block
      Cf-Cache-Status:
      - DYNAMIC
      Expect-Ct:
      - max-age=604800, report-uri="https://report-uri.cloudflare.com/cdn-cgi/beacon/expect-ct"
      Report-To:
      - '{"endpoints":[{"url":"https:\/\/a.nel.cloudflare.com\/report\/v3?s=7RRuzIxEKzkWsqul8QiA%2F1AtApL%2BjR4QtwIF%2BusQOl1bRtEvuM8VS5ozdpeqONH9y2ABJV2Q0YOOb0tTYbW2et9yHBhvVmqQBcOInQm43b24wDLxYtgcY%2FuEbU%2BkdoCR4XH4RyWo"}],"group":"cf-nel","max_age":604800}'
      Nel:
      - '{"success_fraction":0,"report_to":"cf-nel","max_age":604800}'
      Server:
      - cloudflare
      Cf-Ray:
      - 6adc90bb2c2a6e52-HKG
      Alt-Svc:
      - h3=":443"; ma=86400, h3-29=":443"; ma=86400, h3-28=":443"; ma=86400, h3-27=":443";
        ma=86400
    body:
      encoding: UTF-8
      string: |-
        <!DOCTYPE html>
        <html>
            <head>
                <meta charset="UTF-8" />
                <meta http-equiv="refresh" content="0;url='https://freecurrencyapi.net'" />

                <title>Redirecting to https://freecurrencyapi.net</title>
            </head>
            <body>
                Redirecting to <a href="https://freecurrencyapi.net">https://freecurrencyapi.net</a>.
            </body>
        </html>
  recorded_at: Sun, 14 Nov 2021 01:46:19 GMT
- request:
    method: get
    uri: https://freecurrencyapi.net/api/v2/latest?apikey=<FREECURRENCY_API_KEY>&base_currency=backend
    body:
      encoding: UTF-8
      string: ''
    headers:
      Connection:
      - close
      Host:
      - freecurrencyapi.net
      User-Agent:
      - http.rb/5.0.4
  response:
    status:
      code: 302
      message: Found
    headers:
      Date:
      - Sun, 14 Nov 2021 01:46:21 GMT
      Content-Type:
      - text/html; charset=UTF-8
      Transfer-Encoding:
      - chunked
      Connection:
      - close
      Cache-Control:
      - no-cache, private
      Location:
      - https://freecurrencyapi.net
      X-Ratelimit-Limit:
      - '4500'
      X-Ratelimit-Remaining:
      - '4491'
      Access-Control-Allow-Origin:
      - "*"
      X-Frame-Options:
      - DENY
      X-Content-Type-Options:
      - nosniff
      X-Xss-Protection:
      - 1; mode=block
      Cf-Cache-Status:
      - DYNAMIC
      Expect-Ct:
      - max-age=604800, report-uri="https://report-uri.cloudflare.com/cdn-cgi/beacon/expect-ct"
      Report-To:
      - '{"endpoints":[{"url":"https:\/\/a.nel.cloudflare.com\/report\/v3?s=9oOjVcbXiLpBC22gRBVzJCCjNXC3JfFzMWPJ8AvpGKFNu2fVIAVMjyGt4JWK0zdBddvWsfwLmNmX71gDXX1VyVTXSUGLZ55GHYf7zAnhU8hU94HA83IKKEdBsjnHok%2FiD4WIDOKg"}],"group":"cf-nel","max_age":604800}'
      Nel:
      - '{"success_fraction":0,"report_to":"cf-nel","max_age":604800}'
      Server:
      - cloudflare
      Cf-Ray:
      - 6adc90c29fe93db2-HKG
      Alt-Svc:
      - h3=":443"; ma=86400, h3-29=":443"; ma=86400, h3-28=":443"; ma=86400, h3-27=":443";
        ma=86400
    body:
      encoding: UTF-8
      string: |-
        <!DOCTYPE html>
        <html>
            <head>
                <meta charset="UTF-8" />
                <meta http-equiv="refresh" content="0;url='https://freecurrencyapi.net'" />

                <title>Redirecting to https://freecurrencyapi.net</title>
            </head>
            <body>
                Redirecting to <a href="https://freecurrencyapi.net">https://freecurrencyapi.net</a>.
            </body>
        </html>
  recorded_at: Sun, 14 Nov 2021 01:46:20 GMT
- request:
    method: get
    uri: https://freecurrencyapi.net/api/v2/latest?apikey=INVALID%20API%20KEY&base_currency=TWD
    body:
      encoding: UTF-8
      string: ''
    headers:
      Connection:
      - close
      Host:
      - freecurrencyapi.net
      User-Agent:
      - http.rb/5.0.4
  response:
    status:
      code: 429
      message: Too Many Requests
    headers:
      Date:
      - Sun, 14 Nov 2021 01:47:19 GMT
      Content-Type:
      - application/json
      Transfer-Encoding:
      - chunked
      Connection:
      - close
      Cache-Control:
      - no-cache, private
      Access-Control-Allow-Origin:
      - "*"
      Cf-Cache-Status:
      - DYNAMIC
      Expect-Ct:
      - max-age=604800, report-uri="https://report-uri.cloudflare.com/cdn-cgi/beacon/expect-ct"
      Report-To:
      - '{"endpoints":[{"url":"https:\/\/a.nel.cloudflare.com\/report\/v3?s=%2FBqPJEwzpMxZiWzQXS55du%2BRh5NH%2BuHzsrYMB%2Bzjxjdxyh1S2rplre4%2B0vvuZmwlXOdfeFJharix4nNxFT7NgwSJRZDSlpoKKIjnJcOsbxvTKYld6CSdq7gLIwXqsLdZQz%2F%2FtyQG"}],"group":"cf-nel","max_age":604800}'
      Nel:
      - '{"success_fraction":0,"report_to":"cf-nel","max_age":604800}'
      Server:
      - cloudflare
      Cf-Ray:
      - 6adc92324a4d3bf2-HKG
      Alt-Svc:
      - h3=":443"; ma=86400, h3-29=":443"; ma=86400, h3-28=":443"; ma=86400, h3-27=":443";
        ma=86400
    body:
      encoding: ASCII-8BIT
      string: '{"too_many_requests":"You are either out of requests or you have run
        into our rate limit: Requests without apikey are limited to 10 requests per
        hour. Register a personal apikey, here: https:\/\/freecurrencyapi.net\/register.
        This will increase your rate limit 4500 requests per hour."}'
  recorded_at: Sun, 14 Nov 2021 01:47:19 GMT
- request:
    method: get
    uri: https://freecurrencyapi.net/api/v2/latest?apikey=<FREECURRENCY_API_KEY>&base_currency=TWD
    body:
      encoding: UTF-8
      string: ''
    headers:
      Connection:
      - close
      Host:
      - freecurrencyapi.net
      User-Agent:
      - http.rb/5.0.4
  response:
    status:
      code: 200
      message: OK
    headers:
      Date:
      - Sun, 14 Nov 2021 01:48:43 GMT
      Content-Type:
      - application/json; charset=UTF-8
      Transfer-Encoding:
      - chunked
      Connection:
      - close
      Charset:
      - utf-8
      Cache-Control:
      - no-cache, private
      X-Ratelimit-Remaining:
      - '4490'
      X-Ratelimit-Limit:
      - '4500'
      Access-Control-Allow-Origin:
      - "*"
      X-Frame-Options:
      - DENY
      X-Content-Type-Options:
      - nosniff
      X-Xss-Protection:
      - 1; mode=block
      Cf-Cache-Status:
      - DYNAMIC
      Expect-Ct:
      - max-age=604800, report-uri="https://report-uri.cloudflare.com/cdn-cgi/beacon/expect-ct"
      Report-To:
      - '{"endpoints":[{"url":"https:\/\/a.nel.cloudflare.com\/report\/v3?s=SE6XsmRpJ6VtZYemiGIZi0cLGopGqWeZJZSIXuWOffK8I%2FN5gCSFm8KK7rBZTyq2XZQXtUwQjWvhLmKbX654TIgKtY11anjcIGuauFGe5IFKWrJ6OHl7yqyWiQsiXKi5nfxmtpVh"}],"group":"cf-nel","max_age":604800}'
      Nel:
      - '{"success_fraction":0,"report_to":"cf-nel","max_age":604800}'
      Server:
      - cloudflare
      Cf-Ray:
      - 6adc943d1b081248-HKG
      Alt-Svc:
      - h3=":443"; ma=86400, h3-29=":443"; ma=86400, h3-28=":443"; ma=86400, h3-27=":443";
        ma=86400
    body:
      encoding: UTF-8
      string: '{"query":{"apikey":"<FREECURRENCY_API_KEY>","base_currency":"TWD","timestamp":1636854523},"data":{"USD":0.035995,"JPY":4.100285,"CNY":0.229613,"CHF":0.033156,"CAD":0.045186,"MXN":0.738473,"INR":2.676026,"BRL":0.196495,"RUB":2.618631,"KRW":42.324234,"IDR":512.327108,"TRY":0.357973,"SAR":0.134998,"SEK":0.315151,"NGN":14.772411,"PLN":0.145838,"ARS":3.603559,"NOK":0.312432,"TWD":1,"IRR":1511.818745,"AED":0.132199,"COP":139.674113,"THB":1.179936,"ZAR":0.549988,"DKK":0.233828,"MYR":0.149888,"SGD":0.04865,"ILS":0.111709,"HKD":0.280375,"EGP":0.564412,"PHP":1.792955,"CLP":28.794709,"PKR":6.308244,"IQD":52.499881,"DZD":4.952711,"KZT":15.506328,"QAR":0.131026,"CZK":0.793132,"PEN":0.144371,"RON":0.155531,"VND":814.94839,"BDT":3.08017,"HUF":11.534097,"UAH":0.945249,"AOA":21.503929,"MAD":0.328313,"OMR":0.013848,"CUC":0.863907,"BYR":0.071992,"AZN":0.060942,"LKR":7.23516,"SDG":15.719482,"SYP":90.349716,"MMK":63.67733,"DOP":2.028743,"UZS":385.916287,"KES":4.022588,"GTQ":0.278068,"URY":1.577691,"HRV":0.236175,"MOP":0.288829,"ETB":1.71052,"CRC":23.030392,"TZS":82.646495,"TMT":0.125626,"TND":0.101576,"PAB":0.035996,"LBP":54.155888,"RSD":3.694617,"LYD":0.163621,"GHS":0.215974,"YER":8.98935,"BOB":0.245494,"BHD":0.013571,"CDF":71.458551,"PYG":246.96777,"UGX":126.874248,"SVC":0.314646,"TTD":0.243112,"AFN":3.284281,"NPR":4.287129,"HNL":0.865345,"BIH":0.061506,"BND":0.048652,"ISK":4.723751,"KHR":146.176868,"GEL":0.11284,"MZN":2.274959,"BWP":0.411383,"PGK":0.126388,"JMD":5.566002,"XAF":20.429309,"NAD":0.549898,"ALL":3.829645,"SSP":14.362315,"MUR":1.549632,"MNT":102.155612,"NIO":1.267418,"LAK":380.548169,"MKD":1.931542,"AMD":17.008082,"MGA":142.579724,"XPF":3.743578,"TJS":0.40567,"HTG":3.527583,"BSD":0.035996,"MDL":0.631641,"RWF":36.690918,"KGS":3.051764,"GNF":340.376094,"SRD":0.769878,"SLL":389.150594,"XOF":20.545508,"MWK":29.069968,"FJD":0.075594,"ERN":0.539939,"SZL":0.551945,"GYD":7.486841,"BIF":71.326079,"KYD":0.029696,"MVR":0.55506,"LSL":0.55173,"LRD":5.172663,"CVE":3.467523,"DJF":6.389342,"SCR":0.491401,"SOS":20.697598,"GMD":1.871785,"KMF":15.465924,"STD":0.770316,"XRP":0.029877,"AUD":0.049081,"BGN":0.061496,"BTC":0.000562,"JOD":0.025485,"GBP":0.026828,"ETH":8.0e-6,"EUR":0.031457,"LTC":0,"NZD":0.051103}}'
  recorded_at: Sun, 14 Nov 2021 01:48:43 GMT
- request:
    method: get
    uri: https://freecurrencyapi.net/api/v2/latest?apikey=<FREECURRENCY_API_KEY>&base_currency=USD
    body:
      encoding: UTF-8
      string: ''
    headers:
      Connection:
      - close
      Host:
      - freecurrencyapi.net
      User-Agent:
      - http.rb/5.0.4
  response:
    status:
      code: 200
      message: OK
    headers:
      Date:
      - Fri, 26 Nov 2021 16:02:51 GMT
      Content-Type:
      - application/json; charset=UTF-8
      Transfer-Encoding:
      - chunked
      Connection:
      - close
      Charset:
      - utf-8
      Cache-Control:
      - no-cache, private
      X-Ratelimit-Remaining:
      - '4416'
      X-Ratelimit-Limit:
      - '4500'
      Access-Control-Allow-Origin:
      - "*"
      X-Frame-Options:
      - DENY
      X-Content-Type-Options:
      - nosniff
      X-Xss-Protection:
      - 1; mode=block
      Cf-Cache-Status:
      - DYNAMIC
      Expect-Ct:
      - max-age=604800, report-uri="https://report-uri.cloudflare.com/cdn-cgi/beacon/expect-ct"
      Report-To:
      - '{"endpoints":[{"url":"https:\/\/a.nel.cloudflare.com\/report\/v3?s=C7pu1bqmQWARirC6VrBBKTa%2FnHida5Epjo3h7wxHKHpjGpllalLWCINa77Fwhrknv1w759%2BVTqx1LpUWtvnLqk9%2BBWYPDrdIOyrWKIJB4AyRVlmrWzQGq%2BRpk%2FTFw70pIxjAVQFd"}],"group":"cf-nel","max_age":604800}'
      Nel:
      - '{"success_fraction":0,"report_to":"cf-nel","max_age":604800}'
      Server:
      - cloudflare
      Cf-Ray:
      - 6b4457e90d172089-NRT
      Alt-Svc:
      - h3=":443"; ma=86400, h3-29=":443"; ma=86400, h3-28=":443"; ma=86400, h3-27=":443";
        ma=86400
    body:
      encoding: UTF-8
      string: '{"query":{"apikey":"<FREECURRENCY_API_KEY>","base_currency":"USD","timestamp":1637942571},"data":{"JPY":113.16334,"CNY":6.39826,"CHF":0.92224,"CAD":1.27848,"MXN":21.8116,"INR":74.88319,"BRL":5.59221,"RUB":75.54701,"KRW":1189.11857,"IDR":14300.324,"TRY":12.34796,"SAR":3.75141,"SEK":9.10009,"NGN":409.65083,"PLN":4.16518,"ARS":100.773,"NOK":9.08026,"TWD":27.84852,"IRR":42001.02779,"AED":3.67265,"COP":4009.71772,"THB":33.68083,"ZAR":16.20022,"DKK":6.57208,"MYR":4.23758,"SGD":1.37126,"ILS":3.18008,"HKD":7.79935,"EGP":15.68026,"PHP":50.48562,"CLP":829.01449,"PKR":175.30184,"IQD":1458.02722,"DZD":138.40199,"KZT":435.888,"QAR":3.66259,"CZK":22.68951,"PEN":4.0273,"RON":4.37029,"VND":22670.35643,"BDT":85.70137,"HUF":326.10474,"UAH":27.12058,"AOA":592.74144,"MAD":9.23498,"OMR":0.38491,"CUC":24.0005,"BYR":3.00007,"AZN":1.69502,"LKR":201.00345,"SDG":436.35946,"SYP":2511.04071,"MMK":1782.05266,"DOP":56.61145,"UZS":10772.24235,"KES":112.45235,"GTQ":7.72415,"URY":44.05048,"HRV":6.68311,"MOP":8.03309,"ETB":47.8168,"CRC":626.01595,"TZS":2297.02499,"TMT":3.49008,"TND":2.88117,"PAB":1.00002,"LBP":1505.52753,"RSD":103.77307,"LYD":4.60391,"GHS":6.03013,"YER":249.98455,"BOB":6.82016,"BHD":0.37701,"CDF":1995.82911,"PYG":6822.46675,"UGX":3560.59564,"SVC":8.74967,"TTD":6.73498,"AFN":94.30186,"NPR":119.7917,"HNL":24.07326,"BIH":1.73812,"BND":1.37102,"ISK":129.77345,"KHR":4059.08775,"GEL":3.07005,"MZN":63.20154,"BWP":11.80326,"PGK":3.51124,"JMD":154.7622,"XAF":579.48084,"NAD":16.19841,"ALL":106.66164,"SSP":398.00672,"MUR":42.82122,"MNT":2842.06482,"NIO":35.45058,"LAK":10812.19898,"MKD":54.44103,"AMD":481.51072,"MGA":3976.09699,"XPF":105.14286,"TJS":11.27025,"HTG":98.06233,"BSD":1.00003,"MDL":17.70229,"RWF":1021.12097,"KGS":84.77254,"GNF":9339.09493,"SRD":21.43152,"SLL":11006.27961,"XOF":580.26266,"MWK":807.53176,"FJD":2.10892,"ERN":15.0002,"SZL":16.1988,"GYD":207.99238,"BIF":1983.74157,"KYD":0.82501,"MVR":15.42022,"LSL":16.20785,"LRD":141.60349,"CVE":97.40113,"DJF":177.50473,"SCR":12.80271,"SOS":575.00656,"GMD":52.05065,"KMF":435.76848,"STD":21.77022,"XRP":1.05002,"AUD":1.40124,"BGN":1.72714,"BTC":0.0182,"JOD":0.70801,"GBP":0.75082,"ETH":0.00024,"EUR":0.88352,"LTC":0.01,"NZD":1.46574}}'
  recorded_at: Fri, 26 Nov 2021 16:02:51 GMT
- request:
    method: get
    uri: https://freecurrencyapi.net/api/v2/latest?apikey=<FREECURRENCY_API_KEY>&base_currency=USD
    body:
      encoding: UTF-8
      string: ''
    headers:
      Connection:
      - close
      Host:
      - freecurrencyapi.net
      User-Agent:
      - http.rb/5.0.4
  response:
    status:
      code: 200
      message: OK
    headers:
      Date:
      - Fri, 26 Nov 2021 16:02:52 GMT
      Content-Type:
      - application/json; charset=UTF-8
      Transfer-Encoding:
      - chunked
      Connection:
      - close
      Charset:
      - utf-8
      Cache-Control:
      - no-cache, private
      X-Ratelimit-Remaining:
      - '4415'
      X-Ratelimit-Limit:
      - '4500'
      Access-Control-Allow-Origin:
      - "*"
      X-Frame-Options:
      - DENY
      X-Content-Type-Options:
      - nosniff
      X-Xss-Protection:
      - 1; mode=block
      Cf-Cache-Status:
      - DYNAMIC
      Expect-Ct:
      - max-age=604800, report-uri="https://report-uri.cloudflare.com/cdn-cgi/beacon/expect-ct"
      Report-To:
      - '{"endpoints":[{"url":"https:\/\/a.nel.cloudflare.com\/report\/v3?s=kQVXQc5f7BtJnyIDCOpjHMy%2FXOw0lLzZIxTPHqoSmlDVJWP45KbFQBKxF%2FIMlgOBW7KsOCx5R5x9Jld5woay6QEX2qA31qhrQrjSBuUE0yv%2Bv3WRbbdnOgPH54kfpvqNMVH4m4uu"}],"group":"cf-nel","max_age":604800}'
      Nel:
      - '{"success_fraction":0,"report_to":"cf-nel","max_age":604800}'
      Server:
      - cloudflare
      Cf-Ray:
      - 6b4457f14cb70e72-NRT
      Alt-Svc:
      - h3=":443"; ma=86400, h3-29=":443"; ma=86400, h3-28=":443"; ma=86400, h3-27=":443";
        ma=86400
    body:
      encoding: UTF-8
      string: '{"query":{"apikey":"<FREECURRENCY_API_KEY>","base_currency":"USD","timestamp":1637942572},"data":{"JPY":113.16334,"CNY":6.39826,"CHF":0.92224,"CAD":1.27848,"MXN":21.8116,"INR":74.88319,"BRL":5.59221,"RUB":75.54701,"KRW":1189.11857,"IDR":14300.324,"TRY":12.34796,"SAR":3.75141,"SEK":9.10009,"NGN":409.65083,"PLN":4.16518,"ARS":100.773,"NOK":9.08026,"TWD":27.84852,"IRR":42001.02779,"AED":3.67265,"COP":4009.71772,"THB":33.68083,"ZAR":16.20022,"DKK":6.57208,"MYR":4.23758,"SGD":1.37126,"ILS":3.18008,"HKD":7.79935,"EGP":15.68026,"PHP":50.48562,"CLP":829.01449,"PKR":175.30184,"IQD":1458.02722,"DZD":138.40199,"KZT":435.888,"QAR":3.66259,"CZK":22.68951,"PEN":4.0273,"RON":4.37029,"VND":22670.35643,"BDT":85.70137,"HUF":326.10474,"UAH":27.12058,"AOA":592.74144,"MAD":9.23498,"OMR":0.38491,"CUC":24.0005,"BYR":3.00007,"AZN":1.69502,"LKR":201.00345,"SDG":436.35946,"SYP":2511.04071,"MMK":1782.05266,"DOP":56.61145,"UZS":10772.24235,"KES":112.45235,"GTQ":7.72415,"URY":44.05048,"HRV":6.68311,"MOP":8.03309,"ETB":47.8168,"CRC":626.01595,"TZS":2297.02499,"TMT":3.49008,"TND":2.88117,"PAB":1.00002,"LBP":1505.52753,"RSD":103.77307,"LYD":4.60391,"GHS":6.03013,"YER":249.98455,"BOB":6.82016,"BHD":0.37701,"CDF":1995.82911,"PYG":6822.46675,"UGX":3560.59564,"SVC":8.74967,"TTD":6.73498,"AFN":94.30186,"NPR":119.7917,"HNL":24.07326,"BIH":1.73812,"BND":1.37102,"ISK":129.77345,"KHR":4059.08775,"GEL":3.07005,"MZN":63.20154,"BWP":11.80326,"PGK":3.51124,"JMD":154.7622,"XAF":579.48084,"NAD":16.19841,"ALL":106.66164,"SSP":398.00672,"MUR":42.82122,"MNT":2842.06482,"NIO":35.45058,"LAK":10812.19898,"MKD":54.44103,"AMD":481.51072,"MGA":3976.09699,"XPF":105.14286,"TJS":11.27025,"HTG":98.06233,"BSD":1.00003,"MDL":17.70229,"RWF":1021.12097,"KGS":84.77254,"GNF":9339.09493,"SRD":21.43152,"SLL":11006.27961,"XOF":580.26266,"MWK":807.53176,"FJD":2.10892,"ERN":15.0002,"SZL":16.1988,"GYD":207.99238,"BIF":1983.74157,"KYD":0.82501,"MVR":15.42022,"LSL":16.20785,"LRD":141.60349,"CVE":97.40113,"DJF":177.50473,"SCR":12.80271,"SOS":575.00656,"GMD":52.05065,"KMF":435.76848,"STD":21.77022,"XRP":1.05002,"AUD":1.40124,"BGN":1.72714,"BTC":0.0182,"JOD":0.70801,"GBP":0.75082,"ETH":0.00024,"EUR":0.88352,"LTC":0.01,"NZD":1.46574}}'
  recorded_at: Fri, 26 Nov 2021 16:02:52 GMT
- request:
    method: get
    uri: https://freecurrencyapi.net/api/v2/latest?apikey=<FREECURRENCY_API_KEY>&base_currency
    body:
      encoding: UTF-8
      string: ''
    headers:
      Connection:
      - close
      Host:
      - freecurrencyapi.net
      User-Agent:
      - http.rb/5.0.4
  response:
    status:
      code: 200
      message: OK
    headers:
      Date:
      - Fri, 26 Nov 2021 16:02:54 GMT
      Content-Type:
      - application/json; charset=UTF-8
      Transfer-Encoding:
      - chunked
      Connection:
      - close
      Charset:
      - utf-8
      Cache-Control:
      - no-cache, private
      X-Ratelimit-Remaining:
      - '4414'
      X-Ratelimit-Limit:
      - '4500'
      Access-Control-Allow-Origin:
      - "*"
      X-Frame-Options:
      - DENY
      X-Content-Type-Options:
      - nosniff
      X-Xss-Protection:
      - 1; mode=block
      Cf-Cache-Status:
      - DYNAMIC
      Expect-Ct:
      - max-age=604800, report-uri="https://report-uri.cloudflare.com/cdn-cgi/beacon/expect-ct"
      Report-To:
      - '{"endpoints":[{"url":"https:\/\/a.nel.cloudflare.com\/report\/v3?s=pfK3XWyExoOtKVckQKYuP8ioBV06NnixjORWRfp6bnSsT9aaEAXaKb6zR%2BRFhjkls3o4SBvS%2F6v3oxSA8D5E0Bt41CeyT3TDY8exOh87U9GnwywvTNAIecZrmw%2Bvr4pXLGyNL1yp"}],"group":"cf-nel","max_age":604800}'
      Nel:
      - '{"success_fraction":0,"report_to":"cf-nel","max_age":604800}'
      Server:
      - cloudflare
      Cf-Ray:
      - 6b4457f929713481-NRT
      Alt-Svc:
      - h3=":443"; ma=86400, h3-29=":443"; ma=86400, h3-28=":443"; ma=86400, h3-27=":443";
        ma=86400
    body:
      encoding: UTF-8
      string: '{"query":{"apikey":"<FREECURRENCY_API_KEY>","base_currency":"USD","timestamp":1637942574},"data":{"JPY":113.16334,"CNY":6.39826,"CHF":0.92224,"CAD":1.27848,"MXN":21.8116,"INR":74.88319,"BRL":5.59221,"RUB":75.54701,"KRW":1189.11857,"IDR":14300.324,"TRY":12.34796,"SAR":3.75141,"SEK":9.10009,"NGN":409.65083,"PLN":4.16518,"ARS":100.773,"NOK":9.08026,"TWD":27.84852,"IRR":42001.02779,"AED":3.67265,"COP":4009.71772,"THB":33.68083,"ZAR":16.20022,"DKK":6.57208,"MYR":4.23758,"SGD":1.37126,"ILS":3.18008,"HKD":7.79935,"EGP":15.68026,"PHP":50.48562,"CLP":829.01449,"PKR":175.30184,"IQD":1458.02722,"DZD":138.40199,"KZT":435.888,"QAR":3.66259,"CZK":22.68951,"PEN":4.0273,"RON":4.37029,"VND":22670.35643,"BDT":85.70137,"HUF":326.10474,"UAH":27.12058,"AOA":592.74144,"MAD":9.23498,"OMR":0.38491,"CUC":24.0005,"BYR":3.00007,"AZN":1.69502,"LKR":201.00345,"SDG":436.35946,"SYP":2511.04071,"MMK":1782.05266,"DOP":56.61145,"UZS":10772.24235,"KES":112.45235,"GTQ":7.72415,"URY":44.05048,"HRV":6.68311,"MOP":8.03309,"ETB":47.8168,"CRC":626.01595,"TZS":2297.02499,"TMT":3.49008,"TND":2.88117,"PAB":1.00002,"LBP":1505.52753,"RSD":103.77307,"LYD":4.60391,"GHS":6.03013,"YER":249.98455,"BOB":6.82016,"BHD":0.37701,"CDF":1995.82911,"PYG":6822.46675,"UGX":3560.59564,"SVC":8.74967,"TTD":6.73498,"AFN":94.30186,"NPR":119.7917,"HNL":24.07326,"BIH":1.73812,"BND":1.37102,"ISK":129.77345,"KHR":4059.08775,"GEL":3.07005,"MZN":63.20154,"BWP":11.80326,"PGK":3.51124,"JMD":154.7622,"XAF":579.48084,"NAD":16.19841,"ALL":106.66164,"SSP":398.00672,"MUR":42.82122,"MNT":2842.06482,"NIO":35.45058,"LAK":10812.19898,"MKD":54.44103,"AMD":481.51072,"MGA":3976.09699,"XPF":105.14286,"TJS":11.27025,"HTG":98.06233,"BSD":1.00003,"MDL":17.70229,"RWF":1021.12097,"KGS":84.77254,"GNF":9339.09493,"SRD":21.43152,"SLL":11006.27961,"XOF":580.26266,"MWK":807.53176,"FJD":2.10892,"ERN":15.0002,"SZL":16.1988,"GYD":207.99238,"BIF":1983.74157,"KYD":0.82501,"MVR":15.42022,"LSL":16.20785,"LRD":141.60349,"CVE":97.40113,"DJF":177.50473,"SCR":12.80271,"SOS":575.00656,"GMD":52.05065,"KMF":435.76848,"STD":21.77022,"XRP":1.05002,"AUD":1.40124,"BGN":1.72714,"BTC":0.0182,"JOD":0.70801,"GBP":0.75082,"ETH":0.00024,"EUR":0.88352,"LTC":0.01,"NZD":1.46574}}'
  recorded_at: Fri, 26 Nov 2021 16:02:54 GMT
- request:
    method: get
    uri: https://freecurrencyapi.net/api/v2/latest?apikey=<FREECURRENCY_API_KEY>&base_currency=USD
    body:
      encoding: UTF-8
      string: ''
    headers:
      Connection:
      - close
      Host:
      - freecurrencyapi.net
      User-Agent:
      - http.rb/5.0.4
  response:
    status:
      code: 200
      message: OK
    headers:
      Date:
      - Fri, 26 Nov 2021 16:03:26 GMT
      Content-Type:
      - application/json; charset=UTF-8
      Transfer-Encoding:
      - chunked
      Connection:
      - close
      Charset:
      - utf-8
      Cache-Control:
      - no-cache, private
      X-Ratelimit-Remaining:
      - '4413'
      X-Ratelimit-Limit:
      - '4500'
      Access-Control-Allow-Origin:
      - "*"
      X-Frame-Options:
      - DENY
      X-Content-Type-Options:
      - nosniff
      X-Xss-Protection:
      - 1; mode=block
      Cf-Cache-Status:
      - DYNAMIC
      Expect-Ct:
      - max-age=604800, report-uri="https://report-uri.cloudflare.com/cdn-cgi/beacon/expect-ct"
      Report-To:
      - '{"endpoints":[{"url":"https:\/\/a.nel.cloudflare.com\/report\/v3?s=THwYGRPYG28kMg7pcFZuRx6lpoEcN0yJoYkytvQ6ACf0robVDGYqLeu0ZtZjYDQ4nLHqCyUm6qHoCtGrCkvHxU094wd%2FyeS%2Ba15%2F3%2Fy5ji%2Fb0o0t4vQ68NE4qaLGhw8%2FYPuJXCh0"}],"group":"cf-nel","max_age":604800}'
      Nel:
      - '{"success_fraction":0,"report_to":"cf-nel","max_age":604800}'
      Server:
      - cloudflare
      Cf-Ray:
      - 6b4458c44dc2206b-NRT
      Alt-Svc:
      - h3=":443"; ma=86400, h3-29=":443"; ma=86400, h3-28=":443"; ma=86400, h3-27=":443";
        ma=86400
    body:
      encoding: UTF-8
      string: '{"query":{"apikey":"<FREECURRENCY_API_KEY>","base_currency":"USD","timestamp":1637942606},"data":{"JPY":113.16334,"CNY":6.39826,"CHF":0.92224,"CAD":1.27848,"MXN":21.8116,"INR":74.88319,"BRL":5.59221,"RUB":75.54701,"KRW":1189.11857,"IDR":14300.324,"TRY":12.34796,"SAR":3.75141,"SEK":9.10009,"NGN":409.65083,"PLN":4.16518,"ARS":100.773,"NOK":9.08026,"TWD":27.84852,"IRR":42001.02779,"AED":3.67265,"COP":4009.71772,"THB":33.68083,"ZAR":16.20022,"DKK":6.57208,"MYR":4.23758,"SGD":1.37126,"ILS":3.18008,"HKD":7.79935,"EGP":15.68026,"PHP":50.48562,"CLP":829.01449,"PKR":175.30184,"IQD":1458.02722,"DZD":138.40199,"KZT":435.888,"QAR":3.66259,"CZK":22.68951,"PEN":4.0273,"RON":4.37029,"VND":22670.35643,"BDT":85.70137,"HUF":326.10474,"UAH":27.12058,"AOA":592.74144,"MAD":9.23498,"OMR":0.38491,"CUC":24.0005,"BYR":3.00007,"AZN":1.69502,"LKR":201.00345,"SDG":436.35946,"SYP":2511.04071,"MMK":1782.05266,"DOP":56.61145,"UZS":10772.24235,"KES":112.45235,"GTQ":7.72415,"URY":44.05048,"HRV":6.68311,"MOP":8.03309,"ETB":47.8168,"CRC":626.01595,"TZS":2297.02499,"TMT":3.49008,"TND":2.88117,"PAB":1.00002,"LBP":1505.52753,"RSD":103.77307,"LYD":4.60391,"GHS":6.03013,"YER":249.98455,"BOB":6.82016,"BHD":0.37701,"CDF":1995.82911,"PYG":6822.46675,"UGX":3560.59564,"SVC":8.74967,"TTD":6.73498,"AFN":94.30186,"NPR":119.7917,"HNL":24.07326,"BIH":1.73812,"BND":1.37102,"ISK":129.77345,"KHR":4059.08775,"GEL":3.07005,"MZN":63.20154,"BWP":11.80326,"PGK":3.51124,"JMD":154.7622,"XAF":579.48084,"NAD":16.19841,"ALL":106.66164,"SSP":398.00672,"MUR":42.82122,"MNT":2842.06482,"NIO":35.45058,"LAK":10812.19898,"MKD":54.44103,"AMD":481.51072,"MGA":3976.09699,"XPF":105.14286,"TJS":11.27025,"HTG":98.06233,"BSD":1.00003,"MDL":17.70229,"RWF":1021.12097,"KGS":84.77254,"GNF":9339.09493,"SRD":21.43152,"SLL":11006.27961,"XOF":580.26266,"MWK":807.53176,"FJD":2.10892,"ERN":15.0002,"SZL":16.1988,"GYD":207.99238,"BIF":1983.74157,"KYD":0.82501,"MVR":15.42022,"LSL":16.20785,"LRD":141.60349,"CVE":97.40113,"DJF":177.50473,"SCR":12.80271,"SOS":575.00656,"GMD":52.05065,"KMF":435.76848,"STD":21.77022,"XRP":1.05002,"AUD":1.40124,"BGN":1.72714,"BTC":0.0182,"JOD":0.70801,"GBP":0.75082,"ETH":0.00024,"EUR":0.88352,"LTC":0.01,"NZD":1.46574}}'
  recorded_at: Fri, 26 Nov 2021 16:03:26 GMT
- request:
    method: get
    uri: https://freecurrencyapi.net/api/v2/latest?apikey=<FREECURRENCY_API_KEY>&base_currency=USD
    body:
      encoding: UTF-8
      string: ''
    headers:
      Connection:
      - close
      Host:
      - freecurrencyapi.net
      User-Agent:
      - http.rb/5.0.4
  response:
    status:
      code: 200
      message: OK
    headers:
      Date:
      - Fri, 26 Nov 2021 16:03:57 GMT
      Content-Type:
      - application/json; charset=UTF-8
      Transfer-Encoding:
      - chunked
      Connection:
      - close
      Charset:
      - utf-8
      Cache-Control:
      - no-cache, private
      X-Ratelimit-Remaining:
      - '4412'
      X-Ratelimit-Limit:
      - '4500'
      Access-Control-Allow-Origin:
      - "*"
      X-Frame-Options:
      - DENY
      X-Content-Type-Options:
      - nosniff
      X-Xss-Protection:
      - 1; mode=block
      Cf-Cache-Status:
      - DYNAMIC
      Expect-Ct:
      - max-age=604800, report-uri="https://report-uri.cloudflare.com/cdn-cgi/beacon/expect-ct"
      Report-To:
      - '{"endpoints":[{"url":"https:\/\/a.nel.cloudflare.com\/report\/v3?s=XVFsnqaG8eb8COjPvfY1eCKFLmzHmjykFwAVTCx6tpVQm8fn9iK34jVOH%2Bsnza5uAYspLqUPGifk%2FemiAyxV3RYSdZTnAOxUUCvCX1mhw8HVptetfsQgGBOrr9935pigHa7rsTZO"}],"group":"cf-nel","max_age":604800}'
      Nel:
      - '{"success_fraction":0,"report_to":"cf-nel","max_age":604800}'
      Server:
      - cloudflare
      Cf-Ray:
      - 6b44598b8f803517-NRT
      Alt-Svc:
      - h3=":443"; ma=86400, h3-29=":443"; ma=86400, h3-28=":443"; ma=86400, h3-27=":443";
        ma=86400
    body:
      encoding: UTF-8
      string: '{"query":{"apikey":"<FREECURRENCY_API_KEY>","base_currency":"USD","timestamp":1637942637},"data":{"JPY":113.16334,"CNY":6.39826,"CHF":0.92224,"CAD":1.27848,"MXN":21.8116,"INR":74.88319,"BRL":5.59221,"RUB":75.54701,"KRW":1189.11857,"IDR":14300.324,"TRY":12.34796,"SAR":3.75141,"SEK":9.10009,"NGN":409.65083,"PLN":4.16518,"ARS":100.773,"NOK":9.08026,"TWD":27.84852,"IRR":42001.02779,"AED":3.67265,"COP":4009.71772,"THB":33.68083,"ZAR":16.20022,"DKK":6.57208,"MYR":4.23758,"SGD":1.37126,"ILS":3.18008,"HKD":7.79935,"EGP":15.68026,"PHP":50.48562,"CLP":829.01449,"PKR":175.30184,"IQD":1458.02722,"DZD":138.40199,"KZT":435.888,"QAR":3.66259,"CZK":22.68951,"PEN":4.0273,"RON":4.37029,"VND":22670.35643,"BDT":85.70137,"HUF":326.10474,"UAH":27.12058,"AOA":592.74144,"MAD":9.23498,"OMR":0.38491,"CUC":24.0005,"BYR":3.00007,"AZN":1.69502,"LKR":201.00345,"SDG":436.35946,"SYP":2511.04071,"MMK":1782.05266,"DOP":56.61145,"UZS":10772.24235,"KES":112.45235,"GTQ":7.72415,"URY":44.05048,"HRV":6.68311,"MOP":8.03309,"ETB":47.8168,"CRC":626.01595,"TZS":2297.02499,"TMT":3.49008,"TND":2.88117,"PAB":1.00002,"LBP":1505.52753,"RSD":103.77307,"LYD":4.60391,"GHS":6.03013,"YER":249.98455,"BOB":6.82016,"BHD":0.37701,"CDF":1995.82911,"PYG":6822.46675,"UGX":3560.59564,"SVC":8.74967,"TTD":6.73498,"AFN":94.30186,"NPR":119.7917,"HNL":24.07326,"BIH":1.73812,"BND":1.37102,"ISK":129.77345,"KHR":4059.08775,"GEL":3.07005,"MZN":63.20154,"BWP":11.80326,"PGK":3.51124,"JMD":154.7622,"XAF":579.48084,"NAD":16.19841,"ALL":106.66164,"SSP":398.00672,"MUR":42.82122,"MNT":2842.06482,"NIO":35.45058,"LAK":10812.19898,"MKD":54.44103,"AMD":481.51072,"MGA":3976.09699,"XPF":105.14286,"TJS":11.27025,"HTG":98.06233,"BSD":1.00003,"MDL":17.70229,"RWF":1021.12097,"KGS":84.77254,"GNF":9339.09493,"SRD":21.43152,"SLL":11006.27961,"XOF":580.26266,"MWK":807.53176,"FJD":2.10892,"ERN":15.0002,"SZL":16.1988,"GYD":207.99238,"BIF":1983.74157,"KYD":0.82501,"MVR":15.42022,"LSL":16.20785,"LRD":141.60349,"CVE":97.40113,"DJF":177.50473,"SCR":12.80271,"SOS":575.00656,"GMD":52.05065,"KMF":435.76848,"STD":21.77022,"XRP":1.05002,"AUD":1.40124,"BGN":1.72714,"BTC":0.0182,"JOD":0.70801,"GBP":0.75082,"ETH":0.00024,"EUR":0.88352,"LTC":0.01,"NZD":1.46574}}'
  recorded_at: Fri, 26 Nov 2021 16:03:57 GMT
recorded_with: VCR 6.0.0
